[List description]
[Description]
 Text=? (default)
 FileVersion=11
 Units=SCM-Units
 Metric=2
 TextQuote.Start=1
 TextQuote.End=1
 RepresentationCode.CondStart=171
 RepresentationCode.CondSep=166
 RepresentationCode.CondEnd=187
 RepresentationCode.Tab=247
 RepresentationCode.Ret=182
 RepresentationCode.PhantomSpace=8203
 RepresentationCode.LockNextChar=8288
 RepresentationCode.ExprSep=164
 LCID=1033
 UserVars.ManualSortOrder=1
 Created=2/23/2007, 3:09:09 PM
 CreatedByApp=MSACCESS.EXE [11.0.6566]
 CreatedByDLL=CMLL12.DLL [12,5,0,0 (06-11-13 15:23)]
 CreatedByUser=tdesalvo on TDESALVO-M70
 LastModified=8/11/2015, 3:03:51 PM
 LastModifiedByApp=TESTPROJECT LISTLABEL.VSHOST.EXE [12.0.21005.1]
 LastModifiedByDLL=CMLL19.DLL [19.0.2013.29712 (13-10-18 12:39)F]
 LastModifiedByUser=cvalerino on STSYRW015
 CreatedByCallFrom=clr.dll
 [@DatabaseStructure]
  
[Layout]
 P1.Template=
 xGrid=2540
 yGrid=2540
 GridShow=FALSE
 GridSnap=FALSE
 EnhancedExpressions=TRUE
 EnhancedOldExpressions=FALSE
 Decimals=2
 RealDataPreviewPageLimit=-2
 DefFont={(0,0,0),12.000000,-20,0,0,0,400,0,0,0,0,4,0,0,0,Arial}
 HelpLines.Horizontal=
 HelpLines.Vertical=
 PDF.MaxOutlineDepth=2
 PDF.MaxOutlineDepth.IDX=3
 DefaultSize.Objecttype1=(0,0,165862,13462)
 DefaultSize.Objecttype6=(0,0,189230,234442)
 DefaultSize.Objecttype11=(0,0,260350,169672)
 ObjectCount=2
[UserSection]

[SumVariables]
[Layer]
 Name=Base
 Condition=
 WorkspaceColor=(102,102,102)
 Visible=TRUE
 LayerID=0
[Layer]
 Name=First Page
 Condition=Page() = 1
 WorkspaceColor=(197,207,10)
 Visible=TRUE
 LayerID=1
[Layer]
 Name=Following Pages
 Condition=Page() <> 1
 WorkspaceColor=(161,203,243)
 Visible=TRUE
 LayerID=2
[ProjectTemplates]
 [@ProjectTemplates]
  {
  [ProjectTemplates]
   {
   }
  }
[Object]
 ObjectID=11
 ObjectName=Chart
 Locked=FALSE
 LinkID=4
 LinkToID=0
 LinkMode=32
 LayerID=0
 LayerCond=
 GroupID=0
 Identifier=
 Condition=True
 UserLocked=False
 WrapBefore=False
 ExportAsPicture=False
 Position/Left=9144
 Position/Top=37846
 Position/Width=260350
 Position/Height=169672
 Direction=0
 Frame/Layout=0
 Frame/Left/Spacing=0
 Frame/Left/Line=False
 Frame/Top/Spacing=0
 Frame/Top/Line=False
 Frame/Right/Spacing=0
 Frame/Right/Line=False
 Frame/Bottom/Spacing=0
 Frame/Bottom/Line=False
 PDFLevel=0
 PDFText=
 IndexPDFLevel=0
 IndexPDFText=
 IssueCondition=True
 LLXType=LLCHART
 [@Parameters]
  {
  [Parameters]
   {
   [Engine]
	{
	bFill=1
	CubeBackground=RGB(224,224,224)
	HasAlternatezAxis=False
	zAxisSecondaryAssignment=
	Isotropic=False
	Orientation=1
	UseLightEffect=True
	RotZ=30
	RotX=30
	FrameColor=RGB(180,180,180)
	Projection=1
	[AdditionalProperties]
	 {
	 Type=1
	 DataMode=3
	 VisMode=1
	 Flags=5373952
	 bNewAxisMode=TRUE
	 }
	[xAxis]
	 {
	 FormulaValue=@DateCompleted
	 FormulaFilter=True
	 AutoSort=True
	 RoundLimits=True
	 FormulaCoord=LL.ChartObject.AxisCoordinate
	 [FormulaCoord.Font]
	  {
	  Default=True
	  }
	 FormulaCoord.RotationAngle=0
	 FormulaCoord.FixedSize=False
	 FormulaCoord.OutputFormatter=
	 FormulaLabel='@DateCompleted'
	 [FormulaLabel.Font]
	  {
	  Default=True
	  }
	 FormulaLabel.RotationAngle=0
	 FormulaLabel.OutputFormatter=
	 CoordTextPlacement=1
	 CoordTextPlacement.Equidistant=False
	 [CoordTextPlacement.bFrame]
	  {
	  Layout=0
	  [Left]
	   {
	   Spacing=991
	   Line=True
	   [Line]
		{
		Color=LL.Color.Black
		LineType=0
		}
	   LineWidth=0
	   }
	  [Top]
	   {
	   Spacing=991
	   Line=True
	   [Line]
		{
		Color=LL.Color.Black
		LineType=0
		}
	   LineWidth=0
	   }
	  [Right]
	   {
	   Spacing=991
	   Line=True
	   [Line]
		{
		Color=LL.Color.Black
		LineType=0
		}
	   LineWidth=0
	   }
	  [Bottom]
	   {
	   Spacing=991
	   Line=True
	   [Line]
		{
		Color=LL.Color.Black
		LineType=0
		}
	   LineWidth=0
	   }
	  }
	 RelativePartOfAtAxisText=30
	 RelativePartOfLegendText=0
	 TickmarkColor=RGB(180,180,180)
	 CountOfIntermediateTicks=0
	 }
	[yAxis]
	 {
	 FormulaValue=@Transaction_Type
	 FormulaFilter=True
	 SamplesForDesigner=10
	 AutoSort=True
	 RoundLimits=True
	 FormulaCoord=LL.ChartObject.AxisCoordinate
	 [FormulaCoord.Font]
	  {
	  Default=True
	  }
	 FormulaCoord.RotationAngle=0
	 FormulaCoord.FixedSize=False
	 FormulaCoord.OutputFormatter=
	 FormulaLabel='@Transaction_Type'
	 [FormulaLabel.Font]
	  {
	  Default=True
	  }
	 FormulaLabel.RotationAngle=0
	 FormulaLabel.OutputFormatter=
	 CoordTextPlacement=4
	 CoordTextPlacement.Equidistant=False
	 [CoordTextPlacement.bFrame]
	  {
	  Layout=0
	  [Left]
	   {
	   Spacing=991
	   Line=True
	   [Line]
		{
		Color=LL.Color.Black
		LineType=0
		}
	   LineWidth=0
	   }
	  [Top]
	   {
	   Spacing=991
	   Line=True
	   [Line]
		{
		Color=LL.Color.Black
		LineType=0
		}
	   LineWidth=0
	   }
	  [Right]
	   {
	   Spacing=991
	   Line=True
	   [Line]
		{
		Color=LL.Color.Black
		LineType=0
		}
	   LineWidth=0
	   }
	  [Bottom]
	   {
	   Spacing=991
	   Line=True
	   [Line]
		{
		Color=LL.Color.Black
		LineType=0
		}
	   LineWidth=0
	   }
	  }
	 RelativePartOfAtAxisText=30
	 RelativePartOfLegendText=0
	 TickmarkColor=RGB(180,180,180)
	 CountOfIntermediateTicks=0
	 }
	[zAxis0]
	 {
	 FormulaMin=True
	 [FormulaMin]
	  {
	  Value=0
	  }
	 FormulaMax=True
	 [FormulaMax]
	  {
	  Value=1.0
	  }
	 FormulaValue=Sum(@CountOfID)
	 FormulaCoordOnObjects=0
	 [FormulaCoordOnObjects]
	  {
	  [Font]
	   {
	   Default=True
	   }
	  OutputFormatter=
	  Formula=LL.ChartObject.AxisCoordinate
	  [Filling]
	   {
	   bShow=0
	   }
	  RotationAngle=0
	  }
	 AutoTickmarks=True
	 [AutoTickmarks]
	  {
	  Value=1.0
	  }
	 Visual=2
	 CoordGridLines=True
	 [CoordGridLines]
	  {
	  Color=LL.Color.Black
	  }
	 CoordGridZebraPattern=1
	 [ZebraPattern]
	  {
	  Pattern=1
	  Color=LL.Color.WhiteSmoke
	  }
	 BarWidthPercentage=60
	 Distortion=0
	 PostProcessing=0
	 [PostProcessing]
	  {
	  Count=3
	  }
	 FormulaCoord=cstr$(LL.ChartObject.AxisCoordinate,'%.0f')
	 [FormulaCoord.Font]
	  {
	  Default=True
	  }
	 FormulaCoord.RotationAngle=0
	 FormulaCoord.FixedSize=False
	 FormulaCoord.OutputFormatter=
	 FormulaLabel='@CountOfID'
	 [FormulaLabel.Font]
	  {
	  Default=False
	  FaceName="Arial"
	  GdiCharSet=0
	  Size=12.0
	  Width=0
	  Bold=False
	  Italic=False
	  Underline=False
	  Strikeout=False
	  Color=LL.Color.Black
	  PitchAndFamily=0
	  OutPrecision=4
	  }
	 FormulaLabel.RotationAngle=90.0
	 FormulaLabel.OutputFormatter=
	 CoordTextPlacement=1
	 CoordTextPlacement.Equidistant=False
	 [CoordTextPlacement.bFrame]
	  {
	  Layout=0
	  [Left]
	   {
	   Spacing=991
	   Line=True
	   [Line]
		{
		Color=LL.Color.Black
		LineType=0
		}
	   LineWidth=0
	   }
	  [Top]
	   {
	   Spacing=991
	   Line=True
	   [Line]
		{
		Color=LL.Color.Black
		LineType=0
		}
	   LineWidth=0
	   }
	  [Right]
	   {
	   Spacing=991
	   Line=True
	   [Line]
		{
		Color=LL.Color.Black
		LineType=0
		}
	   LineWidth=0
	   }
	  [Bottom]
	   {
	   Spacing=991
	   Line=True
	   [Line]
		{
		Color=LL.Color.Black
		LineType=0
		}
	   LineWidth=0
	   }
	  }
	 RelativePartOfAtAxisText=30
	 RelativePartOfLegendText=0
	 TickmarkColor=RGB(180,180,180)
	 CountOfIntermediateTicks=0
	 }
	}
   TitleFormula=
   [TitleFormula.Font]
	{
	Default=True
	}
   TitleFormula.OutputFormatter=
   TitlePosition=0
   Background=True
   [Background]
	{
	[Filling]
	 {
	 bShow=3
	 Color=LL.Color.LightSkyBlue
	 Color2=LL.Color.White
	 }
	[Frame]
	 {
	 bShow=1
	 Color=LL.Color.Black
	 Width=0
	 }
	[Shadow]
	 {
	 bShow=0
	 }
	Rounding=0
	}
   Colors\Color0=RGB(255,51,0)
   Colors\Color1=RGB(0,102,204)
   Colors\Color2=RGB(102,204,51)
   Colors\Color3=RGB(255,204,0)
   Colors\Color4=RGB(255,121,75)
   Colors\Color5=RGB(153,153,255)
   Colors\Color6=RGB(180,220,180)
   Colors\Color7=RGB(255,219,157)
   Colors\Color8=RGB(255,153,51)
   Colors\Color9=RGB(102,102,204)
   EnhancedColorContrast=False
   Version=2
   }
  }
[Object]
 ObjectID=1
 ObjectName=Text
 Locked=FALSE
 LinkID=2
 LinkToID=0
 LinkMode=32
 LayerID=0
 LayerCond=
 GroupID=0
 Identifier=
 Condition=True
 UserLocked=False
 WrapBefore=False
 ExportAsPicture=False
 Position/Left=44450
 Position/Top=7874
 Position/Width=165862
 Position/Height=13462
 Direction=0
 bFill=0
 Frame/Layout=0
 Frame/Left/Spacing=0
 Frame/Left/Line=False
 Frame/Top/Spacing=0
 Frame/Top/Line=False
 Frame/Right/Spacing=0
 Frame/Right/Line=False
 Frame/Bottom/Spacing=0
 Frame/Bottom/Line=False
 PDFLevel=0
 PDFText=
 IndexPDFLevel=0
 IndexPDFText=
 IssueCondition=True
 bPageWrap=False
 bBottomAligned=False
 [@Lines]
  {
  [Lines]
   {
   [Line]
	{
	[Font]
	 {
	 Default=False
	 FaceName="Arial"
	 GdiCharSet=0
	 Size=18
	 Width=0
	 Bold=False
	 Italic=False
	 Underline=False
	 Strikeout=False
	 Color=LL.Color.Black
	 PitchAndFamily=0
	 OutPrecision=4
	 }
	Align=1
	Adjusted=False
	Uneraseable=False
	LineWrap=1
	PageWrapAllowed=True
	ForceWrap=False
	SpaceOptimization=True
	Spacing.Paragraph=0
	Spacing.Line=0
	OutputFormatter=
	Condition=True
	Text="Transactions By Day"
	Tab=0
	TabAlign=0
	}
   }
  }
[UserVariables]
 User1=@CountOfID;Data.CountOfID
 User2=@DateCompleted;Data.DateCompleted
 User3=@Transaction_Type;Data.Transaction_Type
[Parameters]
 [@Parameters]
  {
  [Parameters]
   {
   LL.ProjectDescription=? (default)
   }
  }
[UsedIdentifiers]
 Fields=Data.CountOfID;Data.DateCompleted;Data.Transaction Type
[PageLayouts]
 [@PageLayouts]
  {
  [PageLayouts]
   {
   [PageLayout]
	{
	DisplayName=
	Condition=True
	SourceTray=0
	ForcePaperFormat=True
	UsePhysicalPaper=True
	PaperFormat=0
	PaperFormat.cx=279400
	PaperFormat.cy=215900
	PaperFormat.Orientation=2
	Copies=1
	Duplex=0
	Collate=0
	FitPage=False
	ShowInPrintDialog=True
	}
   }
  }
[ExtendedInfo]
 [@ExtendedInfos]
  {
  [UserDefinedDesignScheme]
   {
   [Foreground]
	{
	Color=(173,215,227)
	Color=(167,195,209)
	Color=(165,170,199)
	Color=(155,122,153)
	Color=(135,95,119)
	Color=(255,230,179)
	Color=(238,190,93)
	Color=(242,167,17)
	Color=(166,178,102)
	Color=(102,204,199)
	}
   [Background]
	{
	Color=(240,249,255)
	Color=(255,230,179)
	Color=(173,215,227)
	Color=(167,195,209)
	FillMode=1
	}
   }
  }
